// Jest Snapshot v1, https://goo.gl/fbAQLP

exports[`learnReducer general tests Testing USING SNAPSHOT 1`] = `
{
  "endo101Course": {
    "courseProgress": 0,
    "courseStartTimestamp": -1,
    "week1": {},
    "week10": {
      "module1Q1EndoImp": "test",
      "module1Q2EndoApp": "test",
      "module1Q3EndoInfert": "test",
      "module1Q4EndoInfertOptions": "test",
      "module6Q10Progress3": "test",
      "module6Q11Rating": "test",
      "module6Q1EndoImp": "test",
      "module6Q2EndoApp": "test",
      "module6Q3EndoInfert": "test",
      "module6Q4EndoInfertOptions": "test",
      "module6Q5Confidence1": "test",
      "module6Q6Confidence2": "test",
      "module6Q7Confidence3": "test",
      "module6Q8Progress1": "test",
      "module6Q9Progress2": "test",
      "numModules": "test",
      "weekProgress": 3,
    },
    "week11": {
      "module1Q1Adeno": "test",
      "module1Q2FemAuto": "test",
      "module1Q3StartAction": "test",
      "module6Q10Rating": "test",
      "module6Q1Adeno": "test",
      "module6Q2FemAuto": "test",
      "module6Q3StartAction": "test",
      "module6Q4Confidence1": "test",
      "module6Q5Confidence2": "test",
      "module6Q6Confidence3": "test",
      "module6Q7Progress1": "test",
      "module6Q8Progress2": "test",
      "module6Q9Progress3": "test",
      "numModules": "test",
      "weekProgress": 3,
    },
    "week12": {
      "module1Q1TherapyTech": "test",
      "module1Q2EmployEndo": "test",
      "module1Q3ADA": "test",
      "module1Q4TellDating": "test",
      "module2Q1CBTGoal": "test",
      "module2Q2CBTFeel": "test",
      "module2Q3CBTBecause": "test",
      "module2Q4ValueList": "test",
      "module7Q10Progress3": "test",
      "module7Q11Rating": "test",
      "module7Q1TherapyTech": "test",
      "module7Q2EmployEndo": "test",
      "module7Q3ADA": "test",
      "module7Q4TellDating": "test",
      "module7Q5Confidence1": "test",
      "module7Q6Confidence2": "test",
      "module7Q7Confidence3": "test",
      "module7Q8Progress1": "test",
      "module7Q9Progress2": "test",
      "numModules": "test",
      "weekProgress": 3,
    },
    "week2": {
      "module1Q1AvgMens": "test",
      "module1Q2HorProd": "test",
      "module1Q3BodyPart": {
        "test": "test",
      },
      "module1Q4MensThick": "test",
      "module6Q1AvgMens": "test",
      "module6Q2HorProd": "test",
      "module6Q3BodyPart": {
        "test": "test",
      },
      "module6Q4MensThick": "test",
      "module6Q5Confidence1": "test",
      "module6Q5Confidence2": "test",
      "module6Q5Confidence3": "test",
      "module6Q6Progress1": "test",
      "module6Q6Progress2": "test",
      "module6Q6Progress3": "test",
      "module6Q7Rating": "test",
      "numModules": 3,
      "weekProgress": 3,
    },
    "week3": {
      "module1Q1EndoGrow": "test",
      "module1Q2EndoCause": "test",
      "module1Q3ComSymp": "test",
      "module1Q4WhyTrack": "test",
      "module2Q1EndoLes": "test",
      "module3Q1EndoStage": "test",
      "module4Q1SympFault": "test",
      "module5Q1PainDesc": "test",
      "module5Q2AgeStart": "test",
      "module5Q3SympImp": "test",
      "module7Q1EndoGrow": "test",
      "module7Q2EndoCause": "test",
      "module7Q3ComSymp": "test",
      "module7Q4WhyTrack": "test",
      "module7Q5Confidence1": "test",
      "module7Q5Confidence2": "test",
      "module7Q5Confidence3": "test",
      "module7Q6Progress1": "test",
      "module7Q6Progress2": "test",
      "module7Q6Progress3": "test",
      "module7Q7Rating": "test",
      "numModules": "test",
      "weekProgress": 3,
    },
    "week4": {
      "module1Q1DiagTech": "test",
      "module1Q2LaprGold": "test",
      "module1Q3AdvoDoc": "test",
      "module2Q1FirstLearn": "test",
      "module7Q1DocLis": "test",
      "module7Q2DocPel": "test",
      "module7Q3DocImg": "test",
      "module7Q4DocLapr": "test",
      "module7Q5DocBiomark": "test",
      "module7Q6WhenDiagEndo": "test",
      "module7Q7ContextDiagEndo": "test",
      "module7Q8FeelDiagEndo": "test",
      "module8Q1Dismissed": "test",
      "module8Q2ExpDismissed": "test",
      "module8Q3AdvoPlan": "test",
      "module9Q1DiagTech": "test",
      "module9Q2LaprGold": "test",
      "module9Q3AdvoDoc": "test",
      "module9Q4Confidence1": "test",
      "module9Q4Confidence2": "test",
      "module9Q4Confidence3": "test",
      "module9Q5Progress1": "test",
      "module9Q5Progress2": "test",
      "module9Q5Progress3": "test",
      "module9Q6Rating": "test",
      "numModules": "test",
      "weekProgress": 3,
    },
    "week5": {
      "module1Q1EndoSugery": "test",
      "module1Q2Excision": "test",
      "module1Q3LaproBenefits": "test",
      "module1Q4SurgeonCred": "test",
      "module2Q1HadLapro": "test",
      "module3Q1EndoTypes": "test",
      "module7Q10Progress3": "test",
      "module7Q11Rating": "test",
      "module7Q1EndoSugery": "test",
      "module7Q2Excision": "test",
      "module7Q3LaproBenefits": "test",
      "module7Q4SurgeonCred": "test",
      "module7Q5Confidence1": "test",
      "module7Q6Confidence2": "test",
      "module7Q7Confidence3": "test",
      "module7Q8Progress1": "test",
      "module7Q9Progress2": "test",
      "numModules": "test",
      "weekProgress": 3,
    },
    "week6": {
      "module1Q1Gnrh": "test",
      "module1Q2OtcMeds": "test",
      "module1Q3IUD": "test",
      "module1Q4NoMeds": "test",
      "module6Q1MedGoals": "test",
      "module6Q2MedSymp": "test",
      "module6Q3MedEff": "test",
      "module6Q4MedExp": "test",
      "module7Q10Progress3": "test",
      "module7Q11Rating": "test",
      "module7Q1Gnrh": "test",
      "module7Q2OtcMeds": "test",
      "module7Q3IUD": "test",
      "module7Q4NoMeds": "test",
      "module7Q5Confidence1": "test",
      "module7Q6Confidence2": "test",
      "module7Q7Confidence3": "test",
      "module7Q8Progress1": "test",
      "module7Q9Progress2": "test",
      "numModules": "test",
      "weekProgress": 3,
    },
    "week7": {
      "module1Q1PFHelp": "test",
      "module1Q2CureEndo": "test",
      "module1Q3ExBene": "test",
      "module1Q4TensPain": "test",
      "module3Q1BeenPFTherap": "test",
      "module3Q2HowEffectivePF": "test",
      "module3Q3ExpPF": "test",
      "module3Q4PFScreen": "test",
      "module4Q1ToolsUsed": "test",
      "module4Q2ToolsEffective": "test",
      "module4Q3ExpTools": "test",
      "module7Q10Progress3": "test",
      "module7Q11Rating": "test",
      "module7Q1PFHelp": "test",
      "module7Q2CureEndo": "test",
      "module7Q3ExBene": "test",
      "module7Q4TensPain": "test",
      "module7Q5Confidence1": "test",
      "module7Q6Confidence2": "test",
      "module7Q7Confidence3": "test",
      "module7Q8Progress1": "test",
      "module7Q9Progress2": "test",
      "numModules": "test",
      "weekProgress": 3,
    },
    "week8": {
      "module1Q1EatCure": "test",
      "module1Q2ReducePain": "test",
      "module1Q3IncreasePain": "test",
      "module7Q10Rating": "test",
      "module7Q1EatCure": "test",
      "module7Q2ReducePain": "test",
      "module7Q3IncreasePain": "test",
      "module7Q4Confidence1": "test",
      "module7Q5Confidence2": "test",
      "module7Q6Confidence3": "test",
      "module7Q7Progress1": "test",
      "module7Q8Progress2": "test",
      "module7Q9Progress3": "test",
      "numModules": "test",
      "weekProgress": 3,
    },
    "week9": {
      "module1Q1BestResearch": "test",
      "module1Q2UncertainProd": "test",
      "module1Q3MagRelax": "test",
      "module1Q4WarnScam": "test",
      "module4Q1AltManagement": "test",
      "module4Q2AltManEff": "test",
      "module4Q3AltManExp": "test",
      "module6Q10Progress3": "test",
      "module6Q11Rating": "test",
      "module6Q1BestResearch": "test",
      "module6Q2UncertainProd": "test",
      "module6Q3MagRelax": "test",
      "module6Q4WarnScam": "test",
      "module6Q5Confidence1": "test",
      "module6Q6Confidence2": "test",
      "module6Q7Confidence3": "test",
      "module6Q8Progress1": "test",
      "module6Q9Progress2": "test",
      "numModules": "test",
      "weekProgress": 3,
    },
  },
  "favorites": [],
  "recommended": [],
}
`;
